// Jest Snapshot v1, https://goo.gl/fbAQLP

exports[`Pruebas de <GifGridItem /> debe de mostrar <GifGridItem /> correctamente 1`] = `
<div
  className="card animate__animated animate__fadeIn"
>
  <img
    alt="prueba"
    src="https://i.pinimg.com/236x/32/d8/f2/32d8f2a21522aa45fc755ee378e45e41.jpg"
  />
  <p>
     
    prueba
  </p>
</div>
`;
